<?xml version="1.0" encoding="utf-8"?><testsuites><testsuite errors="0" failures="0" hostname="bibigrid-master-a03dq6bxtywtbq0" name="pytest" skipped="0" tests="0" time="0.089" timestamp="2021-10-27T14:53:52.868720" /></testsuites>